// Jest Snapshot v1, https://goo.gl/fbAQLP

exports[`Space renders correctly 1`] = `
<div
  className="Space"
/>
`;
