// Jest Snapshot v1, https://goo.gl/fbAQLP

exports[`Home should render correctly 1`] = `
<div
  className="sc-gqjmRU hnZXkc"
>
  <button
    className="sc-bdVaJa duNfdq"
    onClick={[Function]}
    type="button"
  >
    Start
  </button>
  <div
    className="sc-VigVT UDKFG"
  />
</div>
`;
