// Jest Snapshot v1, https://goo.gl/fbAQLP

exports[`components/Card Should match snapshot 1`] = `
.c0 {
  margin: .6rem;
}

.c1 {
  position: relative;
  width: 120px;
  height: 200px;
  -webkit-transition: -webkit-transform 606ms ease-in-out;
  -webkit-transition: transform 606ms ease-in-out;
  transition: transform 606ms ease-in-out;
  -webkit-transform-style: preserve-3d;
  -ms-transform-style: preserve-3d;
  transform-style: preserve-3d;
  -webkit-transform: rotateY(-180deg);
  -ms-transform: rotateY(-180deg);
  transform: rotateY(-180deg);
}

.c2 {
  position: absolute;
  width: 100%;
  height: 100%;
  -webkit-backface-visibility: hidden;
  backface-visibility: hidden;
  display: -webkit-box;
  display: -webkit-flex;
  display: -ms-flexbox;
  display: flex;
  -webkit-align-items: center;
  -webkit-box-align: center;
  -ms-flex-align: center;
  align-items: center;
  -webkit-box-pack: center;
  -webkit-justify-content: center;
  -ms-flex-pack: center;
  justify-content: center;
  font-size: 3rem;
  cursor: pointer;
  border-radius: 5px;
}

.c4 {
  width: 120px;
  height: 200px;
  overflow: hidden;
}

.c3 {
  -webkit-align-self: center;
  -ms-flex-item-align: center;
  align-self: center;
  background: #420027b9;
  border: 5px solid #ccc;
  background-position: 50%;
  background-repeat: no-repeat;
  background-image: url('backCard.svg');
  -webkit-transform: rotateY(-180deg);
  -ms-transform: rotateY(-180deg);
  transform: rotateY(-180deg);
}

<div>
  <div
    class="c0"
  >
    <div
      class="c1"
    >
      <div
        class="c2 c3"
      />
      <div
        class="c2 c4"
      >
        <span
          style="box-sizing: border-box; display: inline-block; overflow: hidden; background: none; opacity: 1; border: 0px; margin: 0px; padding: 0px; position: relative; max-width: 100%;"
        >
          <span
            style="box-sizing: border-box; display: block; background: none; opacity: 1; border: 0px; margin: 0px; padding: 0px; max-width: 100%;"
          >
            <img
              alt=""
              aria-hidden="true"
              src="data:image/svg+xml,%3csvg%20xmlns=%27http://www.w3.org/2000/svg%27%20version=%271.1%27%20width=%27120%27%20height=%27200%27/%3e"
              style="display: block; max-width: 100%; background: none; opacity: 1; border: 0px; margin: 0px; padding: 0px;"
            />
          </span>
          <img
            alt="test"
            data-nimg="intrinsic"
            decoding="async"
            src="data:image/gif;base64,R0lGODlhAQABAIAAAAAAAP///yH5BAEAAAAALAAAAAABAAEAAAIBRAA7"
            style="position: absolute; top: 0px; left: 0px; bottom: 0px; right: 0px; box-sizing: border-box; padding: 0px; margin: auto; display: block; width: 0px; height: 0px; min-width: 100%; max-width: 100%; min-height: 100%; max-height: 100%;"
          />
          <noscript />
        </span>
      </div>
    </div>
  </div>
</div>
`;
