// Jest Snapshot v1, https://goo.gl/fbAQLP

exports[`CardPicture should render correctly 1`] = `
<div
  className="CardPicture"
>
  <img
    className="CardPicture__image"
    src="http://via.placeholder.com/162Ã—341"
  />
</div>
`;
