// Jest Snapshot v1, https://goo.gl/fbAQLP

exports[`Modal should render correctly 1`] = `
<div
  className="Modal is-show"
>
  <span
    className="Modal__close"
  >
    X
  </span>
  <div
    className="Modal__wrapper"
  >
    <CardPicture />
    <div
      className="Modal__content"
    >
      <h1
        className="primary-title"
      >
        A SACERDOTISA
      </h1>
      <p
        className="body-text"
      >
        Lorem Ipsum is simply dummy text of the printing and typesetting industry. Lorem Ipsum has been the industry's standard dummy text ever since the 1500s, when an unknown printer took a galley of type and scrambled it to make a type specimen book. It has survived not only five centuries, but also the leap into electronic typesetting, remaining essentially unchanged.
      </p>
    </div>
  </div>
</div>
`;
